toothbrush                          4.95
  0.99 * 5
5 for 10.0 (toothbrush)             5.05

Total:                             10.00
