('foo', 0, 0) => Item(foo, sell_in=-1, quality=0)
('foo', 0, 1) => Item(foo, sell_in=-1, quality=0)
('foo', 0, 2) => Item(foo, sell_in=-1, quality=0)
('Aged Brie', 0, 0) => Item(Aged Brie, sell_in=-1, quality=2)
('Aged Brie', 0, 1) => Item(Aged Brie, sell_in=-1, quality=3)
('Aged Brie', 0, 2) => Item(Aged Brie, sell_in=-1, quality=4)
('Backstage passes to a TAFKAL80ETC concert', 0, 0) => Item(Backstage passes to a TAFKAL80ETC concert, sell_in=-1, quality=0)
('Backstage passes to a TAFKAL80ETC concert', 0, 1) => Item(Backstage passes to a TAFKAL80ETC concert, sell_in=-1, quality=0)
('Backstage passes to a TAFKAL80ETC concert', 0, 2) => Item(Backstage passes to a TAFKAL80ETC concert, sell_in=-1, quality=0)
('Sulfuras, Hand of Ragnaros', 0, 0) => Item(Sulfuras, Hand of Ragnaros, sell_in=0, quality=0)
('Sulfuras, Hand of Ragnaros', 0, 1) => Item(Sulfuras, Hand of Ragnaros, sell_in=0, quality=1)
('Sulfuras, Hand of Ragnaros', 0, 2) => Item(Sulfuras, Hand of Ragnaros, sell_in=0, quality=2)
